<?xml version="1.0"?>
<link_info>
   <banner>TI ARM Linker PC v5.0.4</banner>
   <copyright>Copyright (c) 1996-2013 Texas Instruments Incorporated</copyright>
   <link_time>0x527dc86c</link_time>
   <output_file>lab2_robot_program_dup.out</output_file>
   <entry_point>
      <name>_c_int00</name>
      <address>0x3699</address>
   </entry_point>
   <input_file_list>
      <input_file id="fl-2">
         <path>.\</path>
         <kind>object</kind>
         <file>startup_ccs.obj</file>
         <name>startup_ccs.obj</name>
      </input_file>
      <input_file id="fl-3">
         <path>.\</path>
         <kind>object</kind>
         <file>sensors.obj</file>
         <name>sensors.obj</name>
      </input_file>
      <input_file id="fl-4">
         <path>.\</path>
         <kind>object</kind>
         <file>motors.obj</file>
         <name>motors.obj</name>
      </input_file>
      <input_file id="fl-5">
         <path>.\</path>
         <kind>object</kind>
         <file>modbus.obj</file>
         <name>modbus.obj</name>
      </input_file>
      <input_file id="fl-6">
         <path>.\</path>
         <kind>object</kind>
         <file>misc.obj</file>
         <name>misc.obj</name>
      </input_file>
      <input_file id="fl-7">
         <path>.\</path>
         <kind>object</kind>
         <file>main.obj</file>
         <name>main.obj</name>
      </input_file>
      <input_file id="fl-8">
         <path>.\</path>
         <kind>object</kind>
         <file>commandinterpreter.obj</file>
         <name>commandinterpreter.obj</name>
      </input_file>
      <input_file id="fl-136">
         <path>C:\ti\ccsv5\tools\compiler\arm_5.0.4\lib\</path>
         <kind>archive</kind>
         <file>rtsv7M4_T_le_v4SPD16_eabi.lib</file>
         <name>boot.obj</name>
      </input_file>
      <input_file id="fl-137">
         <path>C:\ti\ccsv5\tools\compiler\arm_5.0.4\lib\</path>
         <kind>archive</kind>
         <file>rtsv7M4_T_le_v4SPD16_eabi.lib</file>
         <name>copy_decompress_none.obj</name>
      </input_file>
      <input_file id="fl-138">
         <path>C:\ti\ccsv5\tools\compiler\arm_5.0.4\lib\</path>
         <kind>archive</kind>
         <file>rtsv7M4_T_le_v4SPD16_eabi.lib</file>
         <name>copy_decompress_rle.obj</name>
      </input_file>
      <input_file id="fl-139">
         <path>C:\ti\ccsv5\tools\compiler\arm_5.0.4\lib\</path>
         <kind>archive</kind>
         <file>rtsv7M4_T_le_v4SPD16_eabi.lib</file>
         <name>copy_zero_init.obj</name>
      </input_file>
      <input_file id="fl-13a">
         <path>C:\ti\ccsv5\tools\compiler\arm_5.0.4\lib\</path>
         <kind>archive</kind>
         <file>rtsv7M4_T_le_v4SPD16_eabi.lib</file>
         <name>exit.obj</name>
      </input_file>
      <input_file id="fl-13b">
         <path>C:\ti\ccsv5\tools\compiler\arm_5.0.4\lib\</path>
         <kind>archive</kind>
         <file>rtsv7M4_T_le_v4SPD16_eabi.lib</file>
         <name>ltoa.obj</name>
      </input_file>
      <input_file id="fl-13c">
         <path>C:\ti\ccsv5\tools\compiler\arm_5.0.4\lib\</path>
         <kind>archive</kind>
         <file>rtsv7M4_T_le_v4SPD16_eabi.lib</file>
         <name>memcpy_t2.obj</name>
      </input_file>
      <input_file id="fl-13d">
         <path>C:\ti\ccsv5\tools\compiler\arm_5.0.4\lib\</path>
         <kind>archive</kind>
         <file>rtsv7M4_T_le_v4SPD16_eabi.lib</file>
         <name>sprintf.obj</name>
      </input_file>
      <input_file id="fl-13e">
         <path>C:\ti\ccsv5\tools\compiler\arm_5.0.4\lib\</path>
         <kind>archive</kind>
         <file>rtsv7M4_T_le_v4SPD16_eabi.lib</file>
         <name>stkdepth_vars.obj</name>
      </input_file>
      <input_file id="fl-13f">
         <path>C:\ti\ccsv5\tools\compiler\arm_5.0.4\lib\</path>
         <kind>archive</kind>
         <file>rtsv7M4_T_le_v4SPD16_eabi.lib</file>
         <name>strcmp.obj</name>
      </input_file>
      <input_file id="fl-140">
         <path>C:\ti\ccsv5\tools\compiler\arm_5.0.4\lib\</path>
         <kind>archive</kind>
         <file>rtsv7M4_T_le_v4SPD16_eabi.lib</file>
         <name>strlen.obj</name>
      </input_file>
      <input_file id="fl-141">
         <path>C:\ti\ccsv5\tools\compiler\arm_5.0.4\lib\</path>
         <kind>archive</kind>
         <file>rtsv7M4_T_le_v4SPD16_eabi.lib</file>
         <name>strncpy.obj</name>
      </input_file>
      <input_file id="fl-142">
         <path>C:\ti\ccsv5\tools\compiler\arm_5.0.4\lib\</path>
         <kind>archive</kind>
         <file>rtsv7M4_T_le_v4SPD16_eabi.lib</file>
         <name>_lock.obj</name>
      </input_file>
      <input_file id="fl-143">
         <path>C:\ti\ccsv5\tools\compiler\arm_5.0.4\lib\</path>
         <kind>archive</kind>
         <file>rtsv7M4_T_le_v4SPD16_eabi.lib</file>
         <name>_printfi.obj</name>
      </input_file>
      <input_file id="fl-144">
         <path>C:\ti\ccsv5\tools\compiler\arm_5.0.4\lib\</path>
         <kind>archive</kind>
         <file>rtsv7M4_T_le_v4SPD16_eabi.lib</file>
         <name>args_main.obj</name>
      </input_file>
      <input_file id="fl-145">
         <path>C:\ti\ccsv5\tools\compiler\arm_5.0.4\lib\</path>
         <kind>archive</kind>
         <file>rtsv7M4_T_le_v4SPD16_eabi.lib</file>
         <name>atoi.obj</name>
      </input_file>
      <input_file id="fl-146">
         <path>C:\ti\ccsv5\tools\compiler\arm_5.0.4\lib\</path>
         <kind>archive</kind>
         <file>rtsv7M4_T_le_v4SPD16_eabi.lib</file>
         <name>auto_init.obj</name>
      </input_file>
      <input_file id="fl-147">
         <path>C:\ti\ccsv5\tools\compiler\arm_5.0.4\lib\</path>
         <kind>archive</kind>
         <file>rtsv7M4_T_le_v4SPD16_eabi.lib</file>
         <name>cpy_tbl.obj</name>
      </input_file>
      <input_file id="fl-148">
         <path>C:\ti\ccsv5\tools\compiler\arm_5.0.4\lib\</path>
         <kind>archive</kind>
         <file>rtsv7M4_T_le_v4SPD16_eabi.lib</file>
         <name>ctype.obj</name>
      </input_file>
      <input_file id="fl-149">
         <path>C:\ti\ccsv5\tools\compiler\arm_5.0.4\lib\</path>
         <kind>archive</kind>
         <file>rtsv7M4_T_le_v4SPD16_eabi.lib</file>
         <name>fd_add_t2.obj</name>
      </input_file>
      <input_file id="fl-14a">
         <path>C:\ti\ccsv5\tools\compiler\arm_5.0.4\lib\</path>
         <kind>archive</kind>
         <file>rtsv7M4_T_le_v4SPD16_eabi.lib</file>
         <name>fd_cmp_t2.obj</name>
      </input_file>
      <input_file id="fl-14b">
         <path>C:\ti\ccsv5\tools\compiler\arm_5.0.4\lib\</path>
         <kind>archive</kind>
         <file>rtsv7M4_T_le_v4SPD16_eabi.lib</file>
         <name>fd_div_t2.obj</name>
      </input_file>
      <input_file id="fl-14c">
         <path>C:\ti\ccsv5\tools\compiler\arm_5.0.4\lib\</path>
         <kind>archive</kind>
         <file>rtsv7M4_T_le_v4SPD16_eabi.lib</file>
         <name>fd_mul_t2.obj</name>
      </input_file>
      <input_file id="fl-14d">
         <path>C:\ti\ccsv5\tools\compiler\arm_5.0.4\lib\</path>
         <kind>archive</kind>
         <file>rtsv7M4_T_le_v4SPD16_eabi.lib</file>
         <name>fd_toi_t2.obj</name>
      </input_file>
      <input_file id="fl-14e">
         <path>C:\ti\ccsv5\tools\compiler\arm_5.0.4\lib\</path>
         <kind>archive</kind>
         <file>rtsv7M4_T_le_v4SPD16_eabi.lib</file>
         <name>i_tofd_t2.obj</name>
      </input_file>
      <input_file id="fl-14f">
         <path>C:\ti\ccsv5\tools\compiler\arm_5.0.4\lib\</path>
         <kind>archive</kind>
         <file>rtsv7M4_T_le_v4SPD16_eabi.lib</file>
         <name>ll_mul_t2.obj</name>
      </input_file>
      <input_file id="fl-150">
         <path>C:\ti\ccsv5\tools\compiler\arm_5.0.4\lib\</path>
         <kind>archive</kind>
         <file>rtsv7M4_T_le_v4SPD16_eabi.lib</file>
         <name>memccpy.obj</name>
      </input_file>
      <input_file id="fl-151">
         <path>C:\ti\ccsv5\tools\compiler\arm_5.0.4\lib\</path>
         <kind>archive</kind>
         <file>rtsv7M4_T_le_v4SPD16_eabi.lib</file>
         <name>memset_t2.obj</name>
      </input_file>
      <input_file id="fl-152">
         <path>C:\ti\ccsv5\tools\compiler\arm_5.0.4\lib\</path>
         <kind>archive</kind>
         <file>rtsv7M4_T_le_v4SPD16_eabi.lib</file>
         <name>ull_div_t2.obj</name>
      </input_file>
      <input_file id="fl-153">
         <path>C:\ti\ccsv5\tools\compiler\arm_5.0.4\lib\</path>
         <kind>archive</kind>
         <file>rtsv7M4_T_le_v4SPD16_eabi.lib</file>
         <name>xdclass.obj</name>
      </input_file>
      <input_file id="fl-154">
         <path>C:\ti\ccsv5\tools\compiler\arm_5.0.4\lib\</path>
         <kind>archive</kind>
         <file>rtsv7M4_T_le_v4SPD16_eabi.lib</file>
         <name>xdtest.obj</name>
      </input_file>
      <input_file id="fl-155">
         <path>C:\Users\cmcain\tivaware\driverlib\ccs\Debug\</path>
         <kind>archive</kind>
         <file>driverlib.lib</file>
         <name>uart.obj</name>
      </input_file>
      <input_file id="fl-156">
         <path>C:\Users\cmcain\tivaware\driverlib\ccs\Debug\</path>
         <kind>archive</kind>
         <file>driverlib.lib</file>
         <name>timer.obj</name>
      </input_file>
      <input_file id="fl-157">
         <path>C:\Users\cmcain\tivaware\driverlib\ccs\Debug\</path>
         <kind>archive</kind>
         <file>driverlib.lib</file>
         <name>sysctl.obj</name>
      </input_file>
      <input_file id="fl-158">
         <path>C:\Users\cmcain\tivaware\driverlib\ccs\Debug\</path>
         <kind>archive</kind>
         <file>driverlib.lib</file>
         <name>pwm.obj</name>
      </input_file>
      <input_file id="fl-159">
         <path>C:\Users\cmcain\tivaware\driverlib\ccs\Debug\</path>
         <kind>archive</kind>
         <file>driverlib.lib</file>
         <name>interrupt.obj</name>
      </input_file>
      <input_file id="fl-15a">
         <path>C:\Users\cmcain\tivaware\driverlib\ccs\Debug\</path>
         <kind>archive</kind>
         <file>driverlib.lib</file>
         <name>gpio.obj</name>
      </input_file>
      <input_file id="fl-15b">
         <path>C:\Users\cmcain\tivaware\driverlib\ccs\Debug\</path>
         <kind>archive</kind>
         <file>driverlib.lib</file>
         <name>cpu.obj</name>
      </input_file>
      <input_file id="fl-15c">
         <path>C:\Users\cmcain\tivaware\driverlib\ccs\Debug\</path>
         <kind>archive</kind>
         <file>driverlib.lib</file>
         <name>adc.obj</name>
      </input_file>
   </input_file_list>
   <object_component_list>
      <object_component id="oc-e">
         <name>.intvecs</name>
         <load_address>0x0</load_address>
         <run_address>0x0</run_address>
         <size>0x26c</size>
         <input_file_ref idref="fl-2"/>
      </object_component>
      <object_component id="oc-288">
         <name>.text</name>
         <load_address>0x26c</load_address>
         <run_address>0x26c</run_address>
         <size>0xe9e</size>
         <input_file_ref idref="fl-143"/>
      </object_component>
      <object_component id="oc-26">
         <name>.text</name>
         <load_address>0x110c</load_address>
         <run_address>0x110c</run_address>
         <size>0x8c0</size>
         <input_file_ref idref="fl-3"/>
      </object_component>
      <object_component id="oc-1ef">
         <name>.text</name>
         <load_address>0x19cc</load_address>
         <run_address>0x19cc</run_address>
         <size>0x7b0</size>
         <input_file_ref idref="fl-8"/>
      </object_component>
      <object_component id="oc-2ab">
         <name>.text</name>
         <load_address>0x217c</load_address>
         <run_address>0x217c</run_address>
         <size>0x1f4</size>
         <input_file_ref idref="fl-152"/>
      </object_component>
      <object_component id="oc-ed">
         <name>.text</name>
         <load_address>0x2370</load_address>
         <run_address>0x2370</run_address>
         <size>0x1e4</size>
         <input_file_ref idref="fl-4"/>
      </object_component>
      <object_component id="oc-2c7">
         <name>.text</name>
         <load_address>0x2554</load_address>
         <run_address>0x2554</run_address>
         <size>0x1b6</size>
         <input_file_ref idref="fl-149"/>
      </object_component>
      <object_component id="oc-2b">
         <name>.text</name>
         <load_address>0x270c</load_address>
         <run_address>0x270c</run_address>
         <size>0x1b0</size>
         <input_file_ref idref="fl-6"/>
      </object_component>
      <object_component id="oc-249">
         <name>.text</name>
         <load_address>0x28bc</load_address>
         <run_address>0x28bc</run_address>
         <size>0x1a0</size>
         <input_file_ref idref="fl-5"/>
      </object_component>
      <object_component id="oc-130">
         <name>.text</name>
         <load_address>0x2a5c</load_address>
         <run_address>0x2a5c</run_address>
         <size>0x158</size>
         <input_file_ref idref="fl-7"/>
      </object_component>
      <object_component id="oc-2bb">
         <name>.text</name>
         <load_address>0x2bb4</load_address>
         <run_address>0x2bb4</run_address>
         <size>0x136</size>
         <input_file_ref idref="fl-14b"/>
      </object_component>
      <object_component id="oc-f6">
         <name>.text:GPIOPadConfigSet</name>
         <load_address>0x2cea</load_address>
         <run_address>0x2cea</run_address>
         <size>0x130</size>
         <input_file_ref idref="fl-15a"/>
      </object_component>
      <object_component id="oc-1f4">
         <name>.text:SysCtlClockSet</name>
         <load_address>0x2e1c</load_address>
         <run_address>0x2e1c</run_address>
         <size>0x104</size>
         <input_file_ref idref="fl-157"/>
      </object_component>
      <object_component id="oc-2b7">
         <name>.text</name>
         <load_address>0x2f20</load_address>
         <run_address>0x2f20</run_address>
         <size>0xfc</size>
         <input_file_ref idref="fl-14c"/>
      </object_component>
      <object_component id="oc-c7">
         <name>.text:SysCtlClockGet</name>
         <load_address>0x301c</load_address>
         <run_address>0x301c</run_address>
         <size>0xc8</size>
         <input_file_ref idref="fl-157"/>
      </object_component>
      <object_component id="oc-42">
         <name>.text</name>
         <load_address>0x30e4</load_address>
         <run_address>0x30e4</run_address>
         <size>0x9c</size>
         <input_file_ref idref="fl-13c"/>
      </object_component>
      <object_component id="oc-33">
         <name>.text</name>
         <load_address>0x3180</load_address>
         <run_address>0x3180</run_address>
         <size>0x94</size>
         <input_file_ref idref="fl-146"/>
      </object_component>
      <object_component id="oc-2b3">
         <name>.text</name>
         <load_address>0x3214</load_address>
         <run_address>0x3214</run_address>
         <size>0x7e</size>
         <input_file_ref idref="fl-14a"/>
      </object_component>
      <object_component id="oc-2cb">
         <name>.text</name>
         <load_address>0x3292</load_address>
         <run_address>0x3292</run_address>
         <size>0x78</size>
         <input_file_ref idref="fl-151"/>
      </object_component>
      <object_component id="oc-86">
         <name>.text:ADCSequenceStepConfigure</name>
         <load_address>0x330a</load_address>
         <run_address>0x330a</run_address>
         <size>0x70</size>
         <input_file_ref idref="fl-15c"/>
      </object_component>
      <object_component id="oc-256">
         <name>.text:IntDisable</name>
         <load_address>0x337c</load_address>
         <run_address>0x337c</run_address>
         <size>0x60</size>
         <input_file_ref idref="fl-159"/>
      </object_component>
      <object_component id="oc-a4">
         <name>.text:IntEnable</name>
         <load_address>0x33dc</load_address>
         <run_address>0x33dc</run_address>
         <size>0x60</size>
         <input_file_ref idref="fl-159"/>
      </object_component>
      <object_component id="oc-252">
         <name>.text</name>
         <load_address>0x343c</load_address>
         <run_address>0x343c</run_address>
         <size>0x60</size>
         <input_file_ref idref="fl-13d"/>
      </object_component>
      <object_component id="oc-52">
         <name>.text</name>
         <load_address>0x349c</load_address>
         <run_address>0x349c</run_address>
         <size>0x5e</size>
         <input_file_ref idref="fl-138"/>
      </object_component>
      <object_component id="oc-c2">
         <name>.text:TimerConfigure</name>
         <load_address>0x34fc</load_address>
         <run_address>0x34fc</run_address>
         <size>0x5c</size>
         <input_file_ref idref="fl-156"/>
      </object_component>
      <object_component id="oc-b3">
         <name>.text:GPIOIntTypeSet</name>
         <load_address>0x3558</load_address>
         <run_address>0x3558</run_address>
         <size>0x56</size>
         <input_file_ref idref="fl-15a"/>
      </object_component>
      <object_component id="oc-f2">
         <name>.text</name>
         <load_address>0x35ae</load_address>
         <run_address>0x35ae</run_address>
         <size>0x56</size>
         <input_file_ref idref="fl-13b"/>
      </object_component>
      <object_component id="oc-2d7">
         <name>.text</name>
         <load_address>0x3604</load_address>
         <run_address>0x3604</run_address>
         <size>0x4c</size>
         <input_file_ref idref="fl-145"/>
      </object_component>
      <object_component id="oc-10c">
         <name>.text:GPIOPinConfigure</name>
         <load_address>0x3650</load_address>
         <run_address>0x3650</run_address>
         <size>0x48</size>
         <input_file_ref idref="fl-15a"/>
      </object_component>
      <object_component id="oc-10">
         <name>.text</name>
         <load_address>0x3698</load_address>
         <run_address>0x3698</run_address>
         <size>0x48</size>
         <input_file_ref idref="fl-136"/>
      </object_component>
      <object_component id="oc-2bf">
         <name>.text</name>
         <load_address>0x36e0</load_address>
         <run_address>0x36e0</run_address>
         <size>0x48</size>
         <input_file_ref idref="fl-14d"/>
      </object_component>
      <object_component id="oc-12b">
         <name>.text</name>
         <load_address>0x3728</load_address>
         <run_address>0x3728</run_address>
         <size>0x44</size>
         <input_file_ref idref="fl-147"/>
      </object_component>
      <object_component id="oc-2f9">
         <name>.text</name>
         <load_address>0x376c</load_address>
         <run_address>0x376c</run_address>
         <size>0x44</size>
         <input_file_ref idref="fl-154"/>
      </object_component>
      <object_component id="oc-116">
         <name>.text:UARTConfigSetExpClk</name>
         <load_address>0x37b0</load_address>
         <run_address>0x37b0</run_address>
         <size>0x40</size>
         <input_file_ref idref="fl-155"/>
      </object_component>
      <object_component id="oc-19a">
         <name>.text:_GPIOIntNumberGet</name>
         <load_address>0x37f0</load_address>
         <run_address>0x37f0</run_address>
         <size>0x40</size>
         <input_file_ref idref="fl-15a"/>
      </object_component>
      <object_component id="oc-3b">
         <name>.text</name>
         <load_address>0x3830</load_address>
         <run_address>0x3830</run_address>
         <size>0x40</size>
         <input_file_ref idref="fl-13a"/>
      </object_component>
      <object_component id="oc-19f">
         <name>.text:IntRegister</name>
         <load_address>0x3870</load_address>
         <run_address>0x3870</run_address>
         <size>0x34</size>
         <input_file_ref idref="fl-159"/>
      </object_component>
      <object_component id="oc-63">
         <name>.text:SysCtlPeripheralEnable</name>
         <load_address>0x38a4</load_address>
         <run_address>0x38a4</run_address>
         <size>0x34</size>
         <input_file_ref idref="fl-157"/>
      </object_component>
      <object_component id="oc-241">
         <name>.text</name>
         <load_address>0x38d8</load_address>
         <run_address>0x38d8</run_address>
         <size>0x30</size>
         <input_file_ref idref="fl-141"/>
      </object_component>
      <object_component id="oc-9a">
         <name>.text:ADCIntStatus</name>
         <load_address>0x3908</load_address>
         <run_address>0x3908</run_address>
         <size>0x2e</size>
         <input_file_ref idref="fl-15c"/>
      </object_component>
      <object_component id="oc-2c3">
         <name>.text</name>
         <load_address>0x3936</load_address>
         <run_address>0x3936</run_address>
         <size>0x2e</size>
         <input_file_ref idref="fl-14e"/>
      </object_component>
      <object_component id="oc-81">
         <name>.text:ADCSequenceConfigure</name>
         <load_address>0x3964</load_address>
         <run_address>0x3964</run_address>
         <size>0x2c</size>
         <input_file_ref idref="fl-15c"/>
      </object_component>
      <object_component id="oc-16a">
         <name>.text:GPIODirModeSet</name>
         <load_address>0x3990</load_address>
         <run_address>0x3990</run_address>
         <size>0x2a</size>
         <input_file_ref idref="fl-15a"/>
      </object_component>
      <object_component id="oc-1b1">
         <name>.text:PWMGenConfigure</name>
         <load_address>0x39ba</load_address>
         <run_address>0x39ba</run_address>
         <size>0x22</size>
         <input_file_ref idref="fl-158"/>
      </object_component>
      <object_component id="oc-9f">
         <name>.text:ADCSequenceDataGet</name>
         <load_address>0x39dc</load_address>
         <run_address>0x39dc</run_address>
         <size>0x1e</size>
         <input_file_ref idref="fl-15c"/>
      </object_component>
      <object_component id="oc-1bb">
         <name>.text:PWMPulseWidthSet</name>
         <load_address>0x39fa</load_address>
         <run_address>0x39fa</run_address>
         <size>0x1e</size>
         <input_file_ref idref="fl-158"/>
      </object_component>
      <object_component id="oc-1de">
         <name>.text:UARTDisable</name>
         <load_address>0x3a18</load_address>
         <run_address>0x3a18</run_address>
         <size>0x1c</size>
         <input_file_ref idref="fl-155"/>
      </object_component>
      <object_component id="oc-2d3">
         <name>.text</name>
         <load_address>0x3a34</load_address>
         <run_address>0x3a34</run_address>
         <size>0x1c</size>
         <input_file_ref idref="fl-150"/>
      </object_component>
      <object_component id="oc-e2">
         <name>.text:GPIOIntRegister</name>
         <load_address>0x3a50</load_address>
         <run_address>0x3a50</run_address>
         <size>0x18</size>
         <input_file_ref idref="fl-15a"/>
      </object_component>
      <object_component id="oc-68">
         <name>.text:GPIOPinTypeGPIOOutput</name>
         <load_address>0x3a68</load_address>
         <run_address>0x3a68</run_address>
         <size>0x18</size>
         <input_file_ref idref="fl-15a"/>
      </object_component>
      <object_component id="oc-37">
         <name>.text</name>
         <load_address>0x3a80</load_address>
         <run_address>0x3a80</run_address>
         <size>0x18</size>
         <input_file_ref idref="fl-144"/>
      </object_component>
      <object_component id="oc-2af">
         <name>.text</name>
         <load_address>0x3a98</load_address>
         <run_address>0x3a98</run_address>
         <size>0x18</size>
         <input_file_ref idref="fl-14f"/>
      </object_component>
      <object_component id="oc-24e">
         <name>.text</name>
         <load_address>0x3ab0</load_address>
         <run_address>0x3ab0</run_address>
         <size>0x18</size>
         <input_file_ref idref="fl-13f"/>
      </object_component>
      <object_component id="oc-95">
         <name>.text:ADCProcessorTrigger</name>
         <load_address>0x3ac8</load_address>
         <run_address>0x3ac8</run_address>
         <size>0x16</size>
         <input_file_ref idref="fl-15c"/>
      </object_component>
      <object_component id="oc-1a7">
         <name>.text:SysCtlPWMClockSet</name>
         <load_address>0x3ae0</load_address>
         <run_address>0x3ae0</run_address>
         <size>0x14</size>
         <input_file_ref idref="fl-157"/>
      </object_component>
      <object_component id="oc-1e3">
         <name>.text:UARTEnable</name>
         <load_address>0x3af4</load_address>
         <run_address>0x3af4</run_address>
         <size>0x14</size>
         <input_file_ref idref="fl-155"/>
      </object_component>
      <object_component id="oc-1fb">
         <name>.text</name>
         <load_address>0x3b08</load_address>
         <run_address>0x3b08</run_address>
         <size>0x14</size>
         <input_file_ref idref="fl-142"/>
      </object_component>
      <object_component id="oc-279">
         <name>.text</name>
         <load_address>0x3b1c</load_address>
         <run_address>0x3b1c</run_address>
         <size>0x14</size>
         <input_file_ref idref="fl-140"/>
      </object_component>
      <object_component id="oc-7c">
         <name>.text:GPIOPinTypeADC</name>
         <load_address>0x3b30</load_address>
         <run_address>0x3b30</run_address>
         <size>0x12</size>
         <input_file_ref idref="fl-15a"/>
      </object_component>
      <object_component id="oc-72">
         <name>.text:GPIOPinTypeGPIOInput</name>
         <load_address>0x3b42</load_address>
         <run_address>0x3b42</run_address>
         <size>0x12</size>
         <input_file_ref idref="fl-15a"/>
      </object_component>
      <object_component id="oc-1ac">
         <name>.text:GPIOPinTypePWM</name>
         <load_address>0x3b54</load_address>
         <run_address>0x3b54</run_address>
         <size>0x12</size>
         <input_file_ref idref="fl-15a"/>
      </object_component>
      <object_component id="oc-111">
         <name>.text:GPIOPinTypeUART</name>
         <load_address>0x3b66</load_address>
         <run_address>0x3b66</run_address>
         <size>0x12</size>
         <input_file_ref idref="fl-15a"/>
      </object_component>
      <object_component id="oc-1c0">
         <name>.text:PWMOutputState</name>
         <load_address>0x3b78</load_address>
         <run_address>0x3b78</run_address>
         <size>0x12</size>
         <input_file_ref idref="fl-158"/>
      </object_component>
      <object_component id="oc-cc">
         <name>.text:TimerLoadSet</name>
         <load_address>0x3b8a</load_address>
         <run_address>0x3b8a</run_address>
         <size>0x12</size>
         <input_file_ref idref="fl-156"/>
      </object_component>
      <object_component id="oc-18">
         <name>.text:decompress:ZI</name>
         <load_address>0x3b9c</load_address>
         <run_address>0x3b9c</run_address>
         <size>0x12</size>
         <input_file_ref idref="fl-139"/>
      </object_component>
      <object_component id="oc-2cf">
         <name>.text</name>
         <load_address>0x3bae</load_address>
         <run_address>0x3bae</run_address>
         <size>0x12</size>
         <input_file_ref idref="fl-153"/>
      </object_component>
      <object_component id="oc-1b6">
         <name>.text:PWMGenPeriodSet</name>
         <load_address>0x3bc0</load_address>
         <run_address>0x3bc0</run_address>
         <size>0x10</size>
         <input_file_ref idref="fl-158"/>
      </object_component>
      <object_component id="oc-8b">
         <name>.text:ADCSequenceEnable</name>
         <load_address>0x3bd0</load_address>
         <run_address>0x3bd0</run_address>
         <size>0xe</size>
         <input_file_ref idref="fl-15c"/>
      </object_component>
      <object_component id="oc-ae">
         <name>.text:GPIOIntDisable</name>
         <load_address>0x3bde</load_address>
         <run_address>0x3bde</run_address>
         <size>0xe</size>
         <input_file_ref idref="fl-15a"/>
      </object_component>
      <object_component id="oc-db">
         <name>.text:TimerEnable</name>
         <load_address>0x3bec</load_address>
         <run_address>0x3bec</run_address>
         <size>0xe</size>
         <input_file_ref idref="fl-156"/>
      </object_component>
      <object_component id="oc-14">
         <name>.text:decompress:none</name>
         <load_address>0x3bfa</load_address>
         <run_address>0x3bfa</run_address>
         <size>0xe</size>
         <input_file_ref idref="fl-137"/>
      </object_component>
      <object_component id="oc-191">
         <name>.text:CPUcpsie</name>
         <load_address>0x3c08</load_address>
         <run_address>0x3c08</run_address>
         <size>0xc</size>
         <input_file_ref idref="fl-15b"/>
      </object_component>
      <object_component id="oc-bd">
         <name>.text:GPIOIntEnable</name>
         <load_address>0x3c14</load_address>
         <run_address>0x3c14</run_address>
         <size>0xc</size>
         <input_file_ref idref="fl-15a"/>
      </object_component>
      <object_component id="oc-1c5">
         <name>.text:PWMGenEnable</name>
         <load_address>0x3c20</load_address>
         <run_address>0x3c20</run_address>
         <size>0xc</size>
         <input_file_ref idref="fl-158"/>
      </object_component>
      <object_component id="oc-107">
         <name>.text:UARTCharsAvail</name>
         <load_address>0x3c2c</load_address>
         <run_address>0x3c2c</run_address>
         <size>0xc</size>
         <input_file_ref idref="fl-155"/>
      </object_component>
      <object_component id="oc-21">
         <name>.text</name>
         <load_address>0x3c38</load_address>
         <run_address>0x3c38</run_address>
         <size>0xc</size>
         <input_file_ref idref="fl-2"/>
      </object_component>
      <object_component id="oc-90">
         <name>.text:ADCIntClear</name>
         <load_address>0x3c44</load_address>
         <run_address>0x3c44</run_address>
         <size>0xa</size>
         <input_file_ref idref="fl-15c"/>
      </object_component>
      <object_component id="oc-d6">
         <name>.text:IntMasterEnable</name>
         <load_address>0x3c4e</load_address>
         <run_address>0x3c4e</run_address>
         <size>0xa</size>
         <input_file_ref idref="fl-159"/>
      </object_component>
      <object_component id="oc-b8">
         <name>.text:TimerValueGet</name>
         <load_address>0x3c58</load_address>
         <run_address>0x3c58</run_address>
         <size>0xa</size>
         <input_file_ref idref="fl-156"/>
      </object_component>
      <object_component id="oc-102">
         <name>.text:UARTCharGet</name>
         <load_address>0x3c62</load_address>
         <run_address>0x3c62</run_address>
         <size>0xa</size>
         <input_file_ref idref="fl-155"/>
      </object_component>
      <object_component id="oc-e8">
         <name>.text:UARTCharPut</name>
         <load_address>0x3c6c</load_address>
         <run_address>0x3c6c</run_address>
         <size>0xa</size>
         <input_file_ref idref="fl-155"/>
      </object_component>
      <object_component id="oc-d1">
         <name>.text:TimerIntEnable</name>
         <load_address>0x3c76</load_address>
         <run_address>0x3c76</run_address>
         <size>0x8</size>
         <input_file_ref idref="fl-156"/>
      </object_component>
      <object_component id="oc-a9">
         <name>.text:GPIOIntClear</name>
         <load_address>0x3c7e</load_address>
         <run_address>0x3c7e</run_address>
         <size>0x6</size>
         <input_file_ref idref="fl-15a"/>
      </object_component>
      <object_component id="oc-77">
         <name>.text:GPIOPinRead</name>
         <load_address>0x3c84</load_address>
         <run_address>0x3c84</run_address>
         <size>0x6</size>
         <input_file_ref idref="fl-15a"/>
      </object_component>
      <object_component id="oc-6d">
         <name>.text:GPIOPinWrite</name>
         <load_address>0x3c8a</load_address>
         <run_address>0x3c8a</run_address>
         <size>0x6</size>
         <input_file_ref idref="fl-15a"/>
      </object_component>
      <object_component id="oc-e7">
         <name>.text:SysCtlDelay</name>
         <load_address>0x3c90</load_address>
         <run_address>0x3c90</run_address>
         <size>0x6</size>
         <input_file_ref idref="fl-157"/>
      </object_component>
      <object_component id="oc-1c">
         <name>.text:decompress:rle24</name>
         <load_address>0x3c96</load_address>
         <run_address>0x3c96</run_address>
         <size>0x6</size>
         <input_file_ref idref="fl-138"/>
      </object_component>
      <object_component id="oc-5e">
         <name>.text:TimerIntClear</name>
         <load_address>0x3c9c</load_address>
         <run_address>0x3c9c</run_address>
         <size>0x4</size>
         <input_file_ref idref="fl-156"/>
      </object_component>
      <object_component id="oc-300">
         <name>.const:.string:_ctypes_</name>
         <load_address>0x3ca0</load_address>
         <run_address>0x3ca0</run_address>
         <size>0x101</size>
         <input_file_ref idref="fl-148"/>
      </object_component>
      <object_component id="oc-21e">
         <name>.const:g_ppui32GPIOIntMapBlizzard</name>
         <load_address>0x3da4</load_address>
         <run_address>0x3da4</run_address>
         <size>0xc0</size>
         <input_file_ref idref="fl-15a"/>
      </object_component>
      <object_component id="oc-220">
         <name>.const:g_ppui32GPIOIntMapSnowflake</name>
         <load_address>0x3e64</load_address>
         <run_address>0x3e64</run_address>
         <size>0xc0</size>
         <input_file_ref idref="fl-15a"/>
      </object_component>
      <object_component id="oc-1da">
         <name>.const:g_pui32GPIOBaseAddrs</name>
         <load_address>0x3f24</load_address>
         <run_address>0x3f24</run_address>
         <size>0x90</size>
         <input_file_ref idref="fl-15a"/>
      </object_component>
      <object_component id="oc-182">
         <name>.const</name>
         <load_address>0x3fb4</load_address>
         <run_address>0x3fb4</run_address>
         <size>0x70</size>
         <input_file_ref idref="fl-159"/>
      </object_component>
      <object_component id="oc-18c">
         <name>.const:g_pui32Xtals</name>
         <load_address>0x4024</load_address>
         <run_address>0x4024</run_address>
         <size>0x6c</size>
         <input_file_ref idref="fl-157"/>
      </object_component>
      <object_component id="oc-33a">
         <name>.cinit..data.load</name>
         <load_address>0x4090</load_address>
         <run_address>0x4090</run_address>
         <size>0x12</size>
      </object_component>
      <object_component id="oc-337">
         <name>__TI_handler_table</name>
         <load_address>0x40a4</load_address>
         <run_address>0x40a4</run_address>
         <size>0xc</size>
      </object_component>
      <object_component id="oc-33b">
         <name>.cinit..bss.load</name>
         <load_address>0x40b0</load_address>
         <run_address>0x40b0</run_address>
         <size>0x8</size>
      </object_component>
      <object_component id="oc-339">
         <name>.cinit..vtable.load</name>
         <load_address>0x40b8</load_address>
         <run_address>0x40b8</run_address>
         <size>0x8</size>
      </object_component>
      <object_component id="oc-338">
         <name>__TI_cinit_table</name>
         <load_address>0x40c0</load_address>
         <run_address>0x40c0</run_address>
         <size>0x18</size>
      </object_component>
      <object_component id="oc-223">
         <name>.vtable</name>
         <uninitialized>true</uninitialized>
         <run_address>0x20000000</run_address>
         <size>0x26c</size>
         <input_file_ref idref="fl-159"/>
      </object_component>
      <object_component id="oc-3f">
         <name>.data</name>
         <load_address>0x20001910</load_address>
         <run_address>0x20001910</run_address>
         <size>0x4</size>
         <input_file_ref idref="fl-13e"/>
      </object_component>
      <object_component id="oc-13b">
         <name>.data</name>
         <load_address>0x20001900</load_address>
         <run_address>0x20001900</run_address>
         <size>0x8</size>
         <input_file_ref idref="fl-142"/>
      </object_component>
      <object_component id="oc-13d">
         <name>.data</name>
         <load_address>0x20001908</load_address>
         <run_address>0x20001908</run_address>
         <size>0x8</size>
         <input_file_ref idref="fl-13a"/>
      </object_component>
      <object_component id="oc-27d">
         <name>.data</name>
         <load_address>0x20001914</load_address>
         <run_address>0x20001914</run_address>
         <size>0x3</size>
         <input_file_ref idref="fl-5"/>
      </object_component>
      <object_component id="oc-e0">
         <name>.bss</name>
         <uninitialized>true</uninitialized>
         <run_address>0x200016b0</run_address>
         <size>0x30</size>
         <input_file_ref idref="fl-3"/>
      </object_component>
      <object_component id="oc-11b">
         <name>.bss</name>
         <uninitialized>true</uninitialized>
         <run_address>0x200016fc</run_address>
         <size>0x4</size>
         <input_file_ref idref="fl-6"/>
      </object_component>
      <object_component id="oc-1ca">
         <name>.bss</name>
         <uninitialized>true</uninitialized>
         <run_address>0x200016f0</run_address>
         <size>0xc</size>
         <input_file_ref idref="fl-4"/>
      </object_component>
      <object_component id="oc-245">
         <name>.bss:cmdSet</name>
         <uninitialized>true</uninitialized>
         <run_address>0x2000026c</run_address>
         <size>0x1144</size>
         <input_file_ref idref="fl-8"/>
      </object_component>
      <object_component id="oc-247">
         <name>.bss:outstr</name>
         <uninitialized>true</uninitialized>
         <run_address>0x200015b0</run_address>
         <size>0x100</size>
         <input_file_ref idref="fl-8"/>
      </object_component>
      <object_component id="oc-25b">
         <name>.bss:cmdStr</name>
         <uninitialized>true</uninitialized>
         <run_address>0x200014b0</run_address>
         <size>0x100</size>
         <input_file_ref idref="fl-8"/>
      </object_component>
      <object_component id="oc-25d">
         <name>.bss:cmdData</name>
         <uninitialized>true</uninitialized>
         <run_address>0x200013b0</run_address>
         <size>0x100</size>
         <input_file_ref idref="fl-8"/>
      </object_component>
      <object_component id="oc-25f">
         <name>.bss</name>
         <uninitialized>true</uninitialized>
         <run_address>0x200016e0</run_address>
         <size>0xd</size>
         <input_file_ref idref="fl-8"/>
      </object_component>
      <object_component id="oc-20">
         <name>.stack</name>
         <uninitialized>true</uninitialized>
         <run_address>0x20001700</run_address>
         <size>0x0</size>
         <input_file_ref idref="fl-136"/>
      </object_component>
      <object_component id="oc-33c">
         <name>.stack</name>
         <uninitialized>true</uninitialized>
         <run_address>0x20001700</run_address>
         <size>0x0</size>
      </object_component>
      <object_component id="oc-f">
         <name>.debug_info</name>
         <load_address>0x0</load_address>
         <run_address>0x0</run_address>
         <size>0xe2</size>
         <input_file_ref idref="fl-2"/>
      </object_component>
      <object_component id="oc-11">
         <name>.debug_info</name>
         <load_address>0xe2</load_address>
         <run_address>0xe2</run_address>
         <size>0xf4</size>
         <input_file_ref idref="fl-136"/>
      </object_component>
      <object_component id="oc-15">
         <name>.debug_info</name>
         <load_address>0x1d6</load_address>
         <run_address>0x1d6</run_address>
         <size>0x159</size>
         <input_file_ref idref="fl-137"/>
      </object_component>
      <object_component id="oc-19">
         <name>.debug_info</name>
         <load_address>0x32f</load_address>
         <run_address>0x32f</run_address>
         <size>0x193</size>
         <input_file_ref idref="fl-139"/>
      </object_component>
      <object_component id="oc-1d">
         <name>.debug_info</name>
         <load_address>0x4c2</load_address>
         <run_address>0x4c2</run_address>
         <size>0x16a</size>
         <input_file_ref idref="fl-138"/>
      </object_component>
      <object_component id="oc-22">
         <name>.debug_info</name>
         <load_address>0x62c</load_address>
         <run_address>0x62c</run_address>
         <size>0x338</size>
         <input_file_ref idref="fl-2"/>
      </object_component>
      <object_component id="oc-27">
         <name>.debug_info</name>
         <load_address>0x964</load_address>
         <run_address>0x964</run_address>
         <size>0x1899</size>
         <input_file_ref idref="fl-3"/>
      </object_component>
      <object_component id="oc-2c">
         <name>.debug_info</name>
         <load_address>0x21fd</load_address>
         <run_address>0x21fd</run_address>
         <size>0x863</size>
         <input_file_ref idref="fl-6"/>
      </object_component>
      <object_component id="oc-32">
         <name>.debug_info</name>
         <load_address>0x2a60</load_address>
         <run_address>0x2a60</run_address>
         <size>0x1e3</size>
         <input_file_ref idref="fl-2"/>
      </object_component>
      <object_component id="oc-34">
         <name>.debug_info</name>
         <load_address>0x2c43</load_address>
         <run_address>0x2c43</run_address>
         <size>0x13f</size>
         <input_file_ref idref="fl-146"/>
      </object_component>
      <object_component id="oc-38">
         <name>.debug_info</name>
         <load_address>0x2d82</load_address>
         <run_address>0x2d82</run_address>
         <size>0xfe</size>
         <input_file_ref idref="fl-144"/>
      </object_component>
      <object_component id="oc-3c">
         <name>.debug_info</name>
         <load_address>0x2e80</load_address>
         <run_address>0x2e80</run_address>
         <size>0x205</size>
         <input_file_ref idref="fl-13a"/>
      </object_component>
      <object_component id="oc-40">
         <name>.debug_info</name>
         <load_address>0x3085</load_address>
         <run_address>0x3085</run_address>
         <size>0xbe</size>
         <input_file_ref idref="fl-13e"/>
      </object_component>
      <object_component id="oc-43">
         <name>.debug_info</name>
         <load_address>0x3143</load_address>
         <run_address>0x3143</run_address>
         <size>0xcd</size>
         <input_file_ref idref="fl-13c"/>
      </object_component>
      <object_component id="oc-47">
         <name>.debug_info</name>
         <load_address>0x3210</load_address>
         <run_address>0x3210</run_address>
         <size>0x46</size>
         <input_file_ref idref="fl-137"/>
      </object_component>
      <object_component id="oc-4d">
         <name>.debug_info</name>
         <load_address>0x3256</load_address>
         <run_address>0x3256</run_address>
         <size>0x46</size>
         <input_file_ref idref="fl-139"/>
      </object_component>
      <object_component id="oc-53">
         <name>.debug_info</name>
         <load_address>0x329c</load_address>
         <run_address>0x329c</run_address>
         <size>0x318</size>
         <input_file_ref idref="fl-138"/>
      </object_component>
      <object_component id="oc-57">
         <name>.debug_info</name>
         <load_address>0x35b4</load_address>
         <run_address>0x35b4</run_address>
         <size>0xb2</size>
         <input_file_ref idref="fl-138"/>
      </object_component>
      <object_component id="oc-58">
         <name>.debug_info</name>
         <load_address>0x3666</load_address>
         <run_address>0x3666</run_address>
         <size>0x39</size>
         <input_file_ref idref="fl-138"/>
      </object_component>
      <object_component id="oc-5f">
         <name>.debug_info</name>
         <load_address>0x369f</load_address>
         <run_address>0x369f</run_address>
         <size>0x1f6</size>
         <input_file_ref idref="fl-156"/>
      </object_component>
      <object_component id="oc-64">
         <name>.debug_info</name>
         <load_address>0x3895</load_address>
         <run_address>0x3895</run_address>
         <size>0x1e1</size>
         <input_file_ref idref="fl-157"/>
      </object_component>
      <object_component id="oc-69">
         <name>.debug_info</name>
         <load_address>0x3a76</load_address>
         <run_address>0x3a76</run_address>
         <size>0x1eb</size>
         <input_file_ref idref="fl-15a"/>
      </object_component>
      <object_component id="oc-6e">
         <name>.debug_info</name>
         <load_address>0x3c61</load_address>
         <run_address>0x3c61</run_address>
         <size>0x207</size>
         <input_file_ref idref="fl-15a"/>
      </object_component>
      <object_component id="oc-73">
         <name>.debug_info</name>
         <load_address>0x3e68</load_address>
         <run_address>0x3e68</run_address>
         <size>0x1e9</size>
         <input_file_ref idref="fl-15a"/>
      </object_component>
      <object_component id="oc-78">
         <name>.debug_info</name>
         <load_address>0x4051</load_address>
         <run_address>0x4051</run_address>
         <size>0x1df</size>
         <input_file_ref idref="fl-15a"/>
      </object_component>
      <object_component id="oc-7d">
         <name>.debug_info</name>
         <load_address>0x4230</load_address>
         <run_address>0x4230</run_address>
         <size>0x1dd</size>
         <input_file_ref idref="fl-15a"/>
      </object_component>
      <object_component id="oc-82">
         <name>.debug_info</name>
         <load_address>0x440d</load_address>
         <run_address>0x440d</run_address>
         <size>0x28a</size>
         <input_file_ref idref="fl-15c"/>
      </object_component>
      <object_component id="oc-87">
         <name>.debug_info</name>
         <load_address>0x4697</load_address>
         <run_address>0x4697</run_address>
         <size>0x297</size>
         <input_file_ref idref="fl-15c"/>
      </object_component>
      <object_component id="oc-8c">
         <name>.debug_info</name>
         <load_address>0x492e</load_address>
         <run_address>0x492e</run_address>
         <size>0x204</size>
         <input_file_ref idref="fl-15c"/>
      </object_component>
      <object_component id="oc-91">
         <name>.debug_info</name>
         <load_address>0x4b32</load_address>
         <run_address>0x4b32</run_address>
         <size>0x1f8</size>
         <input_file_ref idref="fl-15c"/>
      </object_component>
      <object_component id="oc-96">
         <name>.debug_info</name>
         <load_address>0x4d2a</load_address>
         <run_address>0x4d2a</run_address>
         <size>0x208</size>
         <input_file_ref idref="fl-15c"/>
      </object_component>
      <object_component id="oc-9b">
         <name>.debug_info</name>
         <load_address>0x4f32</load_address>
         <run_address>0x4f32</run_address>
         <size>0x245</size>
         <input_file_ref idref="fl-15c"/>
      </object_component>
      <object_component id="oc-a0">
         <name>.debug_info</name>
         <load_address>0x5177</load_address>
         <run_address>0x5177</run_address>
         <size>0x2fb</size>
         <input_file_ref idref="fl-15c"/>
      </object_component>
      <object_component id="oc-a5">
         <name>.debug_info</name>
         <load_address>0x5472</load_address>
         <run_address>0x5472</run_address>
         <size>0x1cc</size>
         <input_file_ref idref="fl-159"/>
      </object_component>
      <object_component id="oc-aa">
         <name>.debug_info</name>
         <load_address>0x563e</load_address>
         <run_address>0x563e</run_address>
         <size>0x1f1</size>
         <input_file_ref idref="fl-15a"/>
      </object_component>
      <object_component id="oc-af">
         <name>.debug_info</name>
         <load_address>0x582f</load_address>
         <run_address>0x582f</run_address>
         <size>0x1f5</size>
         <input_file_ref idref="fl-15a"/>
      </object_component>
      <object_component id="oc-b4">
         <name>.debug_info</name>
         <load_address>0x5a24</load_address>
         <run_address>0x5a24</run_address>
         <size>0x21f</size>
         <input_file_ref idref="fl-15a"/>
      </object_component>
      <object_component id="oc-b9">
         <name>.debug_info</name>
         <load_address>0x5c43</load_address>
         <run_address>0x5c43</run_address>
         <size>0x1ee</size>
         <input_file_ref idref="fl-156"/>
      </object_component>
      <object_component id="oc-be">
         <name>.debug_info</name>
         <load_address>0x5e31</load_address>
         <run_address>0x5e31</run_address>
         <size>0x1f3</size>
         <input_file_ref idref="fl-15a"/>
      </object_component>
      <object_component id="oc-c3">
         <name>.debug_info</name>
         <load_address>0x6024</load_address>
         <run_address>0x6024</run_address>
         <size>0x1f0</size>
         <input_file_ref idref="fl-156"/>
      </object_component>
      <object_component id="oc-c8">
         <name>.debug_info</name>
         <load_address>0x6214</load_address>
         <run_address>0x6214</run_address>
         <size>0x202</size>
         <input_file_ref idref="fl-157"/>
      </object_component>
      <object_component id="oc-cd">
         <name>.debug_info</name>
         <load_address>0x6416</load_address>
         <run_address>0x6416</run_address>
         <size>0x21e</size>
         <input_file_ref idref="fl-156"/>
      </object_component>
      <object_component id="oc-d2">
         <name>.debug_info</name>
         <load_address>0x6634</load_address>
         <run_address>0x6634</run_address>
         <size>0x1f8</size>
         <input_file_ref idref="fl-156"/>
      </object_component>
      <object_component id="oc-d7">
         <name>.debug_info</name>
         <load_address>0x682c</load_address>
         <run_address>0x682c</run_address>
         <size>0x1a2</size>
         <input_file_ref idref="fl-159"/>
      </object_component>
      <object_component id="oc-dc">
         <name>.debug_info</name>
         <load_address>0x69ce</load_address>
         <run_address>0x69ce</run_address>
         <size>0x1e3</size>
         <input_file_ref idref="fl-156"/>
      </object_component>
      <object_component id="oc-e1">
         <name>.debug_info</name>
         <load_address>0x6bb1</load_address>
         <run_address>0x6bb1</run_address>
         <size>0x201</size>
         <input_file_ref idref="fl-3"/>
      </object_component>
      <object_component id="oc-e3">
         <name>.debug_info</name>
         <load_address>0x6db2</load_address>
         <run_address>0x6db2</run_address>
         <size>0x1f9</size>
         <input_file_ref idref="fl-15a"/>
      </object_component>
      <object_component id="oc-e9">
         <name>.debug_info</name>
         <load_address>0x6fab</load_address>
         <run_address>0x6fab</run_address>
         <size>0x25d</size>
         <input_file_ref idref="fl-155"/>
      </object_component>
      <object_component id="oc-ee">
         <name>.debug_info</name>
         <load_address>0x7208</load_address>
         <run_address>0x7208</run_address>
         <size>0x708</size>
         <input_file_ref idref="fl-4"/>
      </object_component>
      <object_component id="oc-f3">
         <name>.debug_info</name>
         <load_address>0x7910</load_address>
         <run_address>0x7910</run_address>
         <size>0x15a</size>
         <input_file_ref idref="fl-13b"/>
      </object_component>
      <object_component id="oc-f7">
         <name>.debug_info</name>
         <load_address>0x7a6a</load_address>
         <run_address>0x7a6a</run_address>
         <size>0x312</size>
         <input_file_ref idref="fl-15a"/>
      </object_component>
      <object_component id="oc-fc">
         <name>.debug_info</name>
         <load_address>0x7d7c</load_address>
         <run_address>0x7d7c</run_address>
         <size>0x90</size>
         <input_file_ref idref="fl-3"/>
      </object_component>
      <object_component id="oc-101">
         <name>.debug_info</name>
         <load_address>0x7e0c</load_address>
         <run_address>0x7e0c</run_address>
         <size>0x900</size>
         <input_file_ref idref="fl-3"/>
      </object_component>
      <object_component id="oc-103">
         <name>.debug_info</name>
         <load_address>0x870c</load_address>
         <run_address>0x870c</run_address>
         <size>0x237</size>
         <input_file_ref idref="fl-155"/>
      </object_component>
      <object_component id="oc-108">
         <name>.debug_info</name>
         <load_address>0x8943</load_address>
         <run_address>0x8943</run_address>
         <size>0x1b7</size>
         <input_file_ref idref="fl-155"/>
      </object_component>
      <object_component id="oc-10d">
         <name>.debug_info</name>
         <load_address>0x8afa</load_address>
         <run_address>0x8afa</run_address>
         <size>0x1e4</size>
         <input_file_ref idref="fl-15a"/>
      </object_component>
      <object_component id="oc-112">
         <name>.debug_info</name>
         <load_address>0x8cde</load_address>
         <run_address>0x8cde</run_address>
         <size>0x1df</size>
         <input_file_ref idref="fl-15a"/>
      </object_component>
      <object_component id="oc-117">
         <name>.debug_info</name>
         <load_address>0x8ebd</load_address>
         <run_address>0x8ebd</run_address>
         <size>0x28a</size>
         <input_file_ref idref="fl-155"/>
      </object_component>
      <object_component id="oc-11c">
         <name>.debug_info</name>
         <load_address>0x9147</load_address>
         <run_address>0x9147</run_address>
         <size>0xd6</size>
         <input_file_ref idref="fl-6"/>
      </object_component>
      <object_component id="oc-11e">
         <name>.debug_info</name>
         <load_address>0x921d</load_address>
         <run_address>0x921d</run_address>
         <size>0x402</size>
         <input_file_ref idref="fl-6"/>
      </object_component>
      <object_component id="oc-11f">
         <name>.debug_info</name>
         <load_address>0x961f</load_address>
         <run_address>0x961f</run_address>
         <size>0x2c</size>
         <input_file_ref idref="fl-3"/>
      </object_component>
      <object_component id="oc-126">
         <name>.debug_info</name>
         <load_address>0x964b</load_address>
         <run_address>0x964b</run_address>
         <size>0x89</size>
         <input_file_ref idref="fl-2"/>
      </object_component>
      <object_component id="oc-12c">
         <name>.debug_info</name>
         <load_address>0x96d4</load_address>
         <run_address>0x96d4</run_address>
         <size>0x191</size>
         <input_file_ref idref="fl-147"/>
      </object_component>
      <object_component id="oc-131">
         <name>.debug_info</name>
         <load_address>0x9865</load_address>
         <run_address>0x9865</run_address>
         <size>0x59e</size>
         <input_file_ref idref="fl-7"/>
      </object_component>
      <object_component id="oc-136">
         <name>.debug_info</name>
         <load_address>0x9e03</load_address>
         <run_address>0x9e03</run_address>
         <size>0x90</size>
         <input_file_ref idref="fl-13b"/>
      </object_component>
      <object_component id="oc-13c">
         <name>.debug_info</name>
         <load_address>0x9e93</load_address>
         <run_address>0x9e93</run_address>
         <size>0xc8</size>
         <input_file_ref idref="fl-142"/>
      </object_component>
      <object_component id="oc-13e">
         <name>.debug_info</name>
         <load_address>0x9f5b</load_address>
         <run_address>0x9f5b</run_address>
         <size>0xdb</size>
         <input_file_ref idref="fl-13a"/>
      </object_component>
      <object_component id="oc-140">
         <name>.debug_info</name>
         <load_address>0xa036</load_address>
         <run_address>0xa036</run_address>
         <size>0x89</size>
         <input_file_ref idref="fl-137"/>
      </object_component>
      <object_component id="oc-147">
         <name>.debug_info</name>
         <load_address>0xa0bf</load_address>
         <run_address>0xa0bf</run_address>
         <size>0x83</size>
         <input_file_ref idref="fl-13e"/>
      </object_component>
      <object_component id="oc-14d">
         <name>.debug_info</name>
         <load_address>0xa142</load_address>
         <run_address>0xa142</run_address>
         <size>0x46</size>
         <input_file_ref idref="fl-137"/>
      </object_component>
      <object_component id="oc-152">
         <name>.debug_info</name>
         <load_address>0xa188</load_address>
         <run_address>0xa188</run_address>
         <size>0xe8</size>
         <input_file_ref idref="fl-137"/>
      </object_component>
      <object_component id="oc-153">
         <name>.debug_info</name>
         <load_address>0xa270</load_address>
         <run_address>0xa270</run_address>
         <size>0x2c</size>
         <input_file_ref idref="fl-138"/>
      </object_component>
      <object_component id="oc-158">
         <name>.debug_info</name>
         <load_address>0xa29c</load_address>
         <run_address>0xa29c</run_address>
         <size>0xa8</size>
         <input_file_ref idref="fl-139"/>
      </object_component>
      <object_component id="oc-15a">
         <name>.debug_info</name>
         <load_address>0xa344</load_address>
         <run_address>0xa344</run_address>
         <size>0x84</size>
         <input_file_ref idref="fl-138"/>
      </object_component>
      <object_component id="oc-162">
         <name>.debug_info</name>
         <load_address>0xa3c8</load_address>
         <run_address>0xa3c8</run_address>
         <size>0x18b</size>
         <input_file_ref idref="fl-155"/>
      </object_component>
      <object_component id="oc-167">
         <name>.debug_info</name>
         <load_address>0xa553</load_address>
         <run_address>0xa553</run_address>
         <size>0x1cf</size>
         <input_file_ref idref="fl-156"/>
      </object_component>
      <object_component id="oc-169">
         <name>.debug_info</name>
         <load_address>0xa722</load_address>
         <run_address>0xa722</run_address>
         <size>0x226</size>
         <input_file_ref idref="fl-157"/>
      </object_component>
      <object_component id="oc-16b">
         <name>.debug_info</name>
         <load_address>0xa948</load_address>
         <run_address>0xa948</run_address>
         <size>0x217</size>
         <input_file_ref idref="fl-15a"/>
      </object_component>
      <object_component id="oc-171">
         <name>.debug_info</name>
         <load_address>0xab5f</load_address>
         <run_address>0xab5f</run_address>
         <size>0x1d7</size>
         <input_file_ref idref="fl-15a"/>
      </object_component>
      <object_component id="oc-176">
         <name>.debug_info</name>
         <load_address>0xad36</load_address>
         <run_address>0xad36</run_address>
         <size>0x1a3</size>
         <input_file_ref idref="fl-15c"/>
      </object_component>
      <object_component id="oc-17c">
         <name>.debug_info</name>
         <load_address>0xaed9</load_address>
         <run_address>0xaed9</run_address>
         <size>0x90</size>
         <input_file_ref idref="fl-155"/>
      </object_component>
      <object_component id="oc-183">
         <name>.debug_info</name>
         <load_address>0xaf69</load_address>
         <run_address>0xaf69</run_address>
         <size>0x1c2</size>
         <input_file_ref idref="fl-159"/>
      </object_component>
      <object_component id="oc-185">
         <name>.debug_info</name>
         <load_address>0xb12b</load_address>
         <run_address>0xb12b</run_address>
         <size>0x1ba</size>
         <input_file_ref idref="fl-159"/>
      </object_component>
      <object_component id="oc-18d">
         <name>.debug_info</name>
         <load_address>0xb2e5</load_address>
         <run_address>0xb2e5</run_address>
         <size>0xff</size>
         <input_file_ref idref="fl-157"/>
      </object_component>
      <object_component id="oc-192">
         <name>.debug_info</name>
         <load_address>0xb3e4</load_address>
         <run_address>0xb3e4</run_address>
         <size>0x176</size>
         <input_file_ref idref="fl-15b"/>
      </object_component>
      <object_component id="oc-19b">
         <name>.debug_info</name>
         <load_address>0xb55a</load_address>
         <run_address>0xb55a</run_address>
         <size>0x26f</size>
         <input_file_ref idref="fl-15a"/>
      </object_component>
      <object_component id="oc-1a0">
         <name>.debug_info</name>
         <load_address>0xb7c9</load_address>
         <run_address>0xb7c9</run_address>
         <size>0x2b0</size>
         <input_file_ref idref="fl-159"/>
      </object_component>
      <object_component id="oc-1a6">
         <name>.debug_info</name>
         <load_address>0xba79</load_address>
         <run_address>0xba79</run_address>
         <size>0x1ce</size>
         <input_file_ref idref="fl-155"/>
      </object_component>
      <object_component id="oc-1a8">
         <name>.debug_info</name>
         <load_address>0xbc47</load_address>
         <run_address>0xbc47</run_address>
         <size>0x1c7</size>
         <input_file_ref idref="fl-157"/>
      </object_component>
      <object_component id="oc-1ad">
         <name>.debug_info</name>
         <load_address>0xbe0e</load_address>
         <run_address>0xbe0e</run_address>
         <size>0x1dd</size>
         <input_file_ref idref="fl-15a"/>
      </object_component>
      <object_component id="oc-1b2">
         <name>.debug_info</name>
         <load_address>0xbfeb</load_address>
         <run_address>0xbfeb</run_address>
         <size>0x217</size>
         <input_file_ref idref="fl-158"/>
      </object_component>
      <object_component id="oc-1b7">
         <name>.debug_info</name>
         <load_address>0xc202</load_address>
         <run_address>0xc202</run_address>
         <size>0x21a</size>
         <input_file_ref idref="fl-158"/>
      </object_component>
      <object_component id="oc-1bc">
         <name>.debug_info</name>
         <load_address>0xc41c</load_address>
         <run_address>0xc41c</run_address>
         <size>0x25a</size>
         <input_file_ref idref="fl-158"/>
      </object_component>
      <object_component id="oc-1c1">
         <name>.debug_info</name>
         <load_address>0xc676</load_address>
         <run_address>0xc676</run_address>
         <size>0x228</size>
         <input_file_ref idref="fl-158"/>
      </object_component>
      <object_component id="oc-1c6">
         <name>.debug_info</name>
         <load_address>0xc89e</load_address>
         <run_address>0xc89e</run_address>
         <size>0x1da</size>
         <input_file_ref idref="fl-158"/>
      </object_component>
      <object_component id="oc-1cb">
         <name>.debug_info</name>
         <load_address>0xca78</load_address>
         <run_address>0xca78</run_address>
         <size>0x132</size>
         <input_file_ref idref="fl-4"/>
      </object_component>
      <object_component id="oc-1cd">
         <name>.debug_info</name>
         <load_address>0xcbaa</load_address>
         <run_address>0xcbaa</run_address>
         <size>0x356</size>
         <input_file_ref idref="fl-4"/>
      </object_component>
      <object_component id="oc-1cf">
         <name>.debug_info</name>
         <load_address>0xcf00</load_address>
         <run_address>0xcf00</run_address>
         <size>0xe9</size>
         <input_file_ref idref="fl-13b"/>
      </object_component>
      <object_component id="oc-1d3">
         <name>.debug_info</name>
         <load_address>0xcfe9</load_address>
         <run_address>0xcfe9</run_address>
         <size>0x18b</size>
         <input_file_ref idref="fl-3"/>
      </object_component>
      <object_component id="oc-1db">
         <name>.debug_info</name>
         <load_address>0xd174</load_address>
         <run_address>0xd174</run_address>
         <size>0x10d</size>
         <input_file_ref idref="fl-15a"/>
      </object_component>
      <object_component id="oc-1df">
         <name>.debug_info</name>
         <load_address>0xd281</load_address>
         <run_address>0xd281</run_address>
         <size>0x233</size>
         <input_file_ref idref="fl-155"/>
      </object_component>
      <object_component id="oc-1e4">
         <name>.debug_info</name>
         <load_address>0xd4b4</load_address>
         <run_address>0xd4b4</run_address>
         <size>0x1ab</size>
         <input_file_ref idref="fl-155"/>
      </object_component>
      <object_component id="oc-1ee">
         <name>.debug_info</name>
         <load_address>0xd65f</load_address>
         <run_address>0xd65f</run_address>
         <size>0x143</size>
         <input_file_ref idref="fl-147"/>
      </object_component>
      <object_component id="oc-1f0">
         <name>.debug_info</name>
         <load_address>0xd7a2</load_address>
         <run_address>0xd7a2</run_address>
         <size>0x1669</size>
         <input_file_ref idref="fl-8"/>
      </object_component>
      <object_component id="oc-1f5">
         <name>.debug_info</name>
         <load_address>0xee0b</load_address>
         <run_address>0xee0b</run_address>
         <size>0x2d4</size>
         <input_file_ref idref="fl-157"/>
      </object_component>
      <object_component id="oc-1fa">
         <name>.debug_info</name>
         <load_address>0xf0df</load_address>
         <run_address>0xf0df</run_address>
         <size>0x44c</size>
         <input_file_ref idref="fl-7"/>
      </object_component>
      <object_component id="oc-1fc">
         <name>.debug_info</name>
         <load_address>0xf52b</load_address>
         <run_address>0xf52b</run_address>
         <size>0x1ba</size>
         <input_file_ref idref="fl-142"/>
      </object_component>
      <object_component id="oc-201">
         <name>.debug_info</name>
         <load_address>0xf6e5</load_address>
         <run_address>0xf6e5</run_address>
         <size>0xd4</size>
         <input_file_ref idref="fl-142"/>
      </object_component>
      <object_component id="oc-204">
         <name>.debug_info</name>
         <load_address>0xf7b9</load_address>
         <run_address>0xf7b9</run_address>
         <size>0x131</size>
         <input_file_ref idref="fl-13a"/>
      </object_component>
      <object_component id="oc-20d">
         <name>.debug_info</name>
         <load_address>0xf8ea</load_address>
         <run_address>0xf8ea</run_address>
         <size>0x5f</size>
         <input_file_ref idref="fl-157"/>
      </object_component>
      <object_component id="oc-21f">
         <name>.debug_info</name>
         <load_address>0xf949</load_address>
         <run_address>0xf949</run_address>
         <size>0x119</size>
         <input_file_ref idref="fl-15a"/>
      </object_component>
      <object_component id="oc-221">
         <name>.debug_info</name>
         <load_address>0xfa62</load_address>
         <run_address>0xfa62</run_address>
         <size>0x11b</size>
         <input_file_ref idref="fl-15a"/>
      </object_component>
      <object_component id="oc-224">
         <name>.debug_info</name>
         <load_address>0xfb7d</load_address>
         <run_address>0xfb7d</run_address>
         <size>0x109</size>
         <input_file_ref idref="fl-159"/>
      </object_component>
      <object_component id="oc-22b">
         <name>.debug_info</name>
         <load_address>0xfc86</load_address>
         <run_address>0xfc86</run_address>
         <size>0x194</size>
         <input_file_ref idref="fl-158"/>
      </object_component>
      <object_component id="oc-23c">
         <name>.debug_info</name>
         <load_address>0xfe1a</load_address>
         <run_address>0xfe1a</run_address>
         <size>0xcd</size>
         <input_file_ref idref="fl-147"/>
      </object_component>
      <object_component id="oc-242">
         <name>.debug_info</name>
         <load_address>0xfee7</load_address>
         <run_address>0xfee7</run_address>
         <size>0x217</size>
         <input_file_ref idref="fl-141"/>
      </object_component>
      <object_component id="oc-246">
         <name>.debug_info</name>
         <load_address>0x100fe</load_address>
         <run_address>0x100fe</run_address>
         <size>0xdd</size>
         <input_file_ref idref="fl-8"/>
      </object_component>
      <object_component id="oc-248">
         <name>.debug_info</name>
         <load_address>0x101db</load_address>
         <run_address>0x101db</run_address>
         <size>0xdd</size>
         <input_file_ref idref="fl-8"/>
      </object_component>
      <object_component id="oc-24a">
         <name>.debug_info</name>
         <load_address>0x102b8</load_address>
         <run_address>0x102b8</run_address>
         <size>0x539</size>
         <input_file_ref idref="fl-5"/>
      </object_component>
      <object_component id="oc-24f">
         <name>.debug_info</name>
         <load_address>0x107f1</load_address>
         <run_address>0x107f1</run_address>
         <size>0x1b6</size>
         <input_file_ref idref="fl-13f"/>
      </object_component>
      <object_component id="oc-253">
         <name>.debug_info</name>
         <load_address>0x109a7</load_address>
         <run_address>0x109a7</run_address>
         <size>0x219</size>
         <input_file_ref idref="fl-13d"/>
      </object_component>
      <object_component id="oc-257">
         <name>.debug_info</name>
         <load_address>0x10bc0</load_address>
         <run_address>0x10bc0</run_address>
         <size>0x1ce</size>
         <input_file_ref idref="fl-159"/>
      </object_component>
      <object_component id="oc-25c">
         <name>.debug_info</name>
         <load_address>0x10d8e</load_address>
         <run_address>0x10d8e</run_address>
         <size>0xdd</size>
         <input_file_ref idref="fl-8"/>
      </object_component>
      <object_component id="oc-25e">
         <name>.debug_info</name>
         <load_address>0x10e6b</load_address>
         <run_address>0x10e6b</run_address>
         <size>0xdf</size>
         <input_file_ref idref="fl-8"/>
      </object_component>
      <object_component id="oc-260">
         <name>.debug_info</name>
         <load_address>0x10f4a</load_address>
         <run_address>0x10f4a</run_address>
         <size>0x13e</size>
         <input_file_ref idref="fl-8"/>
      </object_component>
      <object_component id="oc-262">
         <name>.debug_info</name>
         <load_address>0x11088</load_address>
         <run_address>0x11088</run_address>
         <size>0x73f</size>
         <input_file_ref idref="fl-8"/>
      </object_component>
      <object_component id="oc-274">
         <name>.debug_info</name>
         <load_address>0x117c7</load_address>
         <run_address>0x117c7</run_address>
         <size>0xa1</size>
         <input_file_ref idref="fl-141"/>
      </object_component>
      <object_component id="oc-27a">
         <name>.debug_info</name>
         <load_address>0x11868</load_address>
         <run_address>0x11868</run_address>
         <size>0x194</size>
         <input_file_ref idref="fl-140"/>
      </object_component>
      <object_component id="oc-27e">
         <name>.debug_info</name>
         <load_address>0x119fc</load_address>
         <run_address>0x119fc</run_address>
         <size>0xe5</size>
         <input_file_ref idref="fl-5"/>
      </object_component>
      <object_component id="oc-280">
         <name>.debug_info</name>
         <load_address>0x11ae1</load_address>
         <run_address>0x11ae1</run_address>
         <size>0x189</size>
         <input_file_ref idref="fl-5"/>
      </object_component>
      <object_component id="oc-282">
         <name>.debug_info</name>
         <load_address>0x11c6a</load_address>
         <run_address>0x11c6a</run_address>
         <size>0x8b</size>
         <input_file_ref idref="fl-13f"/>
      </object_component>
      <object_component id="oc-287">
         <name>.debug_info</name>
         <load_address>0x11cf5</load_address>
         <run_address>0x11cf5</run_address>
         <size>0x9a</size>
         <input_file_ref idref="fl-13f"/>
      </object_component>
      <object_component id="oc-289">
         <name>.debug_info</name>
         <load_address>0x11d8f</load_address>
         <run_address>0x11d8f</run_address>
         <size>0x172d</size>
         <input_file_ref idref="fl-143"/>
      </object_component>
      <object_component id="oc-28d">
         <name>.debug_info</name>
         <load_address>0x134bc</load_address>
         <run_address>0x134bc</run_address>
         <size>0x16d</size>
         <input_file_ref idref="fl-13d"/>
      </object_component>
      <object_component id="oc-297">
         <name>.debug_info</name>
         <load_address>0x13629</load_address>
         <run_address>0x13629</run_address>
         <size>0x60</size>
         <input_file_ref idref="fl-8"/>
      </object_component>
      <object_component id="oc-29c">
         <name>.debug_info</name>
         <load_address>0x13689</load_address>
         <run_address>0x13689</run_address>
         <size>0xc8</size>
         <input_file_ref idref="fl-3"/>
      </object_component>
      <object_component id="oc-2a4">
         <name>.debug_info</name>
         <load_address>0x13751</load_address>
         <run_address>0x13751</run_address>
         <size>0x9a</size>
         <input_file_ref idref="fl-140"/>
      </object_component>
      <object_component id="oc-2ac">
         <name>.debug_info</name>
         <load_address>0x137eb</load_address>
         <run_address>0x137eb</run_address>
         <size>0x13c</size>
         <input_file_ref idref="fl-152"/>
      </object_component>
      <object_component id="oc-2b0">
         <name>.debug_info</name>
         <load_address>0x13927</load_address>
         <run_address>0x13927</run_address>
         <size>0xd6</size>
         <input_file_ref idref="fl-14f"/>
      </object_component>
      <object_component id="oc-2b4">
         <name>.debug_info</name>
         <load_address>0x139fd</load_address>
         <run_address>0x139fd</run_address>
         <size>0xdc</size>
         <input_file_ref idref="fl-14a"/>
      </object_component>
      <object_component id="oc-2b8">
         <name>.debug_info</name>
         <load_address>0x13ad9</load_address>
         <run_address>0x13ad9</run_address>
         <size>0xee</size>
         <input_file_ref idref="fl-14c"/>
      </object_component>
      <object_component id="oc-2bc">
         <name>.debug_info</name>
         <load_address>0x13bc7</load_address>
         <run_address>0x13bc7</run_address>
         <size>0xee</size>
         <input_file_ref idref="fl-14b"/>
      </object_component>
      <object_component id="oc-2c0">
         <name>.debug_info</name>
         <load_address>0x13cb5</load_address>
         <run_address>0x13cb5</run_address>
         <size>0xe2</size>
         <input_file_ref idref="fl-14d"/>
      </object_component>
      <object_component id="oc-2c4">
         <name>.debug_info</name>
         <load_address>0x13d97</load_address>
         <run_address>0x13d97</run_address>
         <size>0xe0</size>
         <input_file_ref idref="fl-14e"/>
      </object_component>
      <object_component id="oc-2c8">
         <name>.debug_info</name>
         <load_address>0x13e77</load_address>
         <run_address>0x13e77</run_address>
         <size>0x100</size>
         <input_file_ref idref="fl-149"/>
      </object_component>
      <object_component id="oc-2cc">
         <name>.debug_info</name>
         <load_address>0x13f77</load_address>
         <run_address>0x13f77</run_address>
         <size>0xfe</size>
         <input_file_ref idref="fl-151"/>
      </object_component>
      <object_component id="oc-2d0">
         <name>.debug_info</name>
         <load_address>0x14075</load_address>
         <run_address>0x14075</run_address>
         <size>0x109</size>
         <input_file_ref idref="fl-153"/>
      </object_component>
      <object_component id="oc-2d4">
         <name>.debug_info</name>
         <load_address>0x1417e</load_address>
         <run_address>0x1417e</run_address>
         <size>0x183</size>
         <input_file_ref idref="fl-150"/>
      </object_component>
      <object_component id="oc-2d8">
         <name>.debug_info</name>
         <load_address>0x14301</load_address>
         <run_address>0x14301</run_address>
         <size>0x194</size>
         <input_file_ref idref="fl-145"/>
      </object_component>
      <object_component id="oc-2dc">
         <name>.debug_info</name>
         <load_address>0x14495</load_address>
         <run_address>0x14495</run_address>
         <size>0x22a</size>
         <input_file_ref idref="fl-143"/>
      </object_component>
      <object_component id="oc-2dd">
         <name>.debug_info</name>
         <load_address>0x146bf</load_address>
[...]
         <object_component_ref idref="oc-1ef"/>
      </symbol>
      <symbol id="sm-2a9">
         <name>myCmdLine</name>
         <value>0x1d6d</value>
         <object_component_ref idref="oc-1ef"/>
      </symbol>
      <symbol id="sm-2aa">
         <name>cmdClock</name>
         <value>0x1ea7</value>
         <object_component_ref idref="oc-1ef"/>
      </symbol>
      <symbol id="sm-2ab">
         <name>cmdSonicRead</name>
         <value>0x1b23</value>
         <object_component_ref idref="oc-1ef"/>
      </symbol>
      <symbol id="sm-2ac">
         <name>j</name>
         <value>0x200016e8</value>
         <object_component_ref idref="oc-25f"/>
      </symbol>
      <symbol id="sm-2ad">
         <name>cmdSet</name>
         <value>0x2000026c</value>
         <object_component_ref idref="oc-245"/>
      </symbol>
      <symbol id="sm-2ae">
         <name>cmdSonicPoll</name>
         <value>0x1b15</value>
         <object_component_ref idref="oc-1ef"/>
      </symbol>
      <symbol id="sm-2af">
         <name>myCmdLineInit</name>
         <value>0x19cd</value>
         <object_component_ref idref="oc-1ef"/>
      </symbol>
      <symbol id="sm-2b0">
         <name>inChar</name>
         <value>0x200016e4</value>
         <object_component_ref idref="oc-25f"/>
      </symbol>
      <symbol id="sm-2b1">
         <name>cmdData</name>
         <value>0x200013b0</value>
         <object_component_ref idref="oc-25d"/>
      </symbol>
      <symbol id="sm-2b2">
         <name>outstr</name>
         <value>0x200015b0</value>
         <object_component_ref idref="oc-247"/>
      </symbol>
      <symbol id="sm-2b3">
         <name>cmdTurnOn</name>
         <value>0x1f31</value>
         <object_component_ref idref="oc-1ef"/>
      </symbol>
      <symbol id="sm-2b4">
         <name>cmdHelp</name>
         <value>0x1f4d</value>
         <object_component_ref idref="oc-1ef"/>
      </symbol>
      <symbol id="sm-2b5">
         <name>cmdTurnOff</name>
         <value>0x1f3f</value>
         <object_component_ref idref="oc-1ef"/>
      </symbol>
      <symbol id="sm-2b6">
         <name>flagTimer</name>
         <value>0x200016ec</value>
         <object_component_ref idref="oc-25f"/>
      </symbol>
      <symbol id="sm-2b7">
         <name>cmdforward</name>
         <value>0x1fbd</value>
         <object_component_ref idref="oc-1ef"/>
      </symbol>
      <symbol id="sm-2b8">
         <name>cmdBlink</name>
         <value>0x1ee1</value>
         <object_component_ref idref="oc-1ef"/>
      </symbol>
      <symbol id="sm-2b9">
         <name>cmdStartPID</name>
         <value>0x1b03</value>
         <object_component_ref idref="oc-1ef"/>
      </symbol>
      <symbol id="sm-2ba">
         <name>cmdstop</name>
         <value>0x1fdf</value>
         <object_component_ref idref="oc-1ef"/>
      </symbol>
      <symbol id="sm-2bb">
         <name>cmdDataLength</name>
         <value>0x200016e0</value>
         <object_component_ref idref="oc-25f"/>
      </symbol>
      <symbol id="sm-2ca">
         <name>_c_int00</name>
         <value>0x3699</value>
         <object_component_ref idref="oc-10"/>
      </symbol>
      <symbol id="sm-2cb">
         <name>__stack</name>
         <value>0x20001700</value>
         <object_component_ref idref="oc-20"/>
      </symbol>
      <symbol id="sm-2e5">
         <name>__TI_decompress_none</name>
         <value>0x3bfb</value>
         <object_component_ref idref="oc-14"/>
      </symbol>
      <symbol id="sm-30f">
         <name>__TI_decompress_rle24</name>
         <value>0x3c97</value>
         <object_component_ref idref="oc-1c"/>
      </symbol>
      <symbol id="sm-321">
         <name>__TI_zero_init</name>
         <value>0x3b9d</value>
         <object_component_ref idref="oc-18"/>
      </symbol>
      <symbol id="sm-33c">
         <name>C$$EXIT</name>
         <value>0x3831</value>
         <object_component_ref idref="oc-3b"/>
      </symbol>
      <symbol id="sm-33d">
         <name>_dtors_ptr</name>
         <value>0x2000190c</value>
         <object_component_ref idref="oc-13d"/>
      </symbol>
      <symbol id="sm-33e">
         <name>abort</name>
         <value>0x3835</value>
         <object_component_ref idref="oc-3b"/>
      </symbol>
      <symbol id="sm-33f">
         <name>_cleanup_ptr</name>
         <value>0x20001908</value>
         <object_component_ref idref="oc-13d"/>
      </symbol>
      <symbol id="sm-340">
         <name>exit</name>
         <value>0x383d</value>
         <object_component_ref idref="oc-3b"/>
      </symbol>
      <symbol id="sm-352">
         <name>ltoa</name>
         <value>0x35af</value>
         <object_component_ref idref="oc-f2"/>
      </symbol>
      <symbol id="sm-367">
         <name>memcpy</name>
         <value>0x30e5</value>
         <object_component_ref idref="oc-42"/>
      </symbol>
      <symbol id="sm-368">
         <name>__aeabi_memcpy</name>
         <value>0x30e5</value>
         <object_component_ref idref="oc-42"/>
      </symbol>
      <symbol id="sm-369">
         <name>__aeabi_memcpy8</name>
         <value>0x30e5</value>
         <object_component_ref idref="oc-42"/>
      </symbol>
      <symbol id="sm-36a">
         <name>__aeabi_memcpy4</name>
         <value>0x30e5</value>
         <object_component_ref idref="oc-42"/>
      </symbol>
      <symbol id="sm-38b">
         <name>sprintf</name>
         <value>0x343d</value>
         <object_component_ref idref="oc-252"/>
      </symbol>
      <symbol id="sm-397">
         <name>main_func_sp</name>
         <value>0x20001910</value>
         <object_component_ref idref="oc-3f"/>
      </symbol>
      <symbol id="sm-3a9">
         <name>strcmp</name>
         <value>0x3ab1</value>
         <object_component_ref idref="oc-24e"/>
      </symbol>
      <symbol id="sm-3b5">
         <name>strlen</name>
         <value>0x3b1d</value>
         <object_component_ref idref="oc-279"/>
      </symbol>
      <symbol id="sm-3c3">
         <name>strncpy</name>
         <value>0x38d9</value>
         <object_component_ref idref="oc-241"/>
      </symbol>
      <symbol id="sm-3d8">
         <name>_nop</name>
         <value>0x3b17</value>
         <object_component_ref idref="oc-1fb"/>
      </symbol>
      <symbol id="sm-3d9">
         <name>_lock</name>
         <value>0x20001900</value>
         <object_component_ref idref="oc-13b"/>
      </symbol>
      <symbol id="sm-3da">
         <name>_unlock</name>
         <value>0x20001904</value>
         <object_component_ref idref="oc-13b"/>
      </symbol>
      <symbol id="sm-3db">
         <name>_register_lock</name>
         <value>0x3b0f</value>
         <object_component_ref idref="oc-1fb"/>
      </symbol>
      <symbol id="sm-3dc">
         <name>_register_unlock</name>
         <value>0x3b09</value>
         <object_component_ref idref="oc-1fb"/>
      </symbol>
      <symbol id="sm-4c1">
         <name>_printfi</name>
         <value>0xe03</value>
         <object_component_ref idref="oc-288"/>
      </symbol>
      <symbol id="sm-4cb">
         <name>_args_main</name>
         <value>0x3a81</value>
         <object_component_ref idref="oc-37"/>
      </symbol>
      <symbol id="sm-4df">
         <name>atoi</name>
         <value>0x3605</value>
         <object_component_ref idref="oc-2d7"/>
      </symbol>
      <symbol id="sm-4f9">
         <name>__TI_auto_init</name>
         <value>0x3181</value>
         <object_component_ref idref="oc-33"/>
      </symbol>
      <symbol id="sm-510">
         <name>copy_in</name>
         <value>0x3729</value>
         <object_component_ref idref="oc-12b"/>
      </symbol>
      <symbol id="sm-51a">
         <name>_ctypes_</name>
         <value>0x3ca0</value>
         <object_component_ref idref="oc-300"/>
      </symbol>
      <symbol id="sm-530">
         <name>__aeabi_dsub</name>
         <value>0x2555</value>
         <object_component_ref idref="oc-2c7"/>
      </symbol>
      <symbol id="sm-531">
         <name>__aeabi_dadd</name>
         <value>0x255f</value>
         <object_component_ref idref="oc-2c7"/>
      </symbol>
      <symbol id="sm-541">
         <name>__aeabi_cdcmpeq</name>
         <value>0x3215</value>
         <object_component_ref idref="oc-2b3"/>
      </symbol>
      <symbol id="sm-542">
         <name>__aeabi_cdcmple</name>
         <value>0x3215</value>
         <object_component_ref idref="oc-2b3"/>
      </symbol>
      <symbol id="sm-554">
         <name>__aeabi_ddiv</name>
         <value>0x2bb5</value>
         <object_component_ref idref="oc-2bb"/>
      </symbol>
      <symbol id="sm-55e">
         <name>__aeabi_dmul</name>
         <value>0x2f21</value>
         <object_component_ref idref="oc-2b7"/>
      </symbol>
      <symbol id="sm-567">
         <name>__aeabi_d2iz</name>
         <value>0x36e1</value>
         <object_component_ref idref="oc-2bf"/>
      </symbol>
      <symbol id="sm-570">
         <name>__aeabi_i2d</name>
         <value>0x3937</value>
         <object_component_ref idref="oc-2c3"/>
      </symbol>
      <symbol id="sm-578">
         <name>__aeabi_lmul</name>
         <value>0x3a99</value>
         <object_component_ref idref="oc-2af"/>
      </symbol>
      <symbol id="sm-586">
         <name>memccpy</name>
         <value>0x3a35</value>
         <object_component_ref idref="oc-2d3"/>
      </symbol>
      <symbol id="sm-594">
         <name>__aeabi_memset</name>
         <value>0x3295</value>
         <object_component_ref idref="oc-2cb"/>
      </symbol>
      <symbol id="sm-595">
         <name>memset</name>
         <value>0x329b</value>
         <object_component_ref idref="oc-2cb"/>
      </symbol>
      <symbol id="sm-596">
         <name>__aeabi_memset8</name>
         <value>0x3295</value>
         <object_component_ref idref="oc-2cb"/>
      </symbol>
      <symbol id="sm-597">
         <name>__aeabi_memset4</name>
         <value>0x3295</value>
         <object_component_ref idref="oc-2cb"/>
      </symbol>
      <symbol id="sm-598">
         <name>__aeabi_memclr8</name>
         <value>0x3293</value>
         <object_component_ref idref="oc-2cb"/>
      </symbol>
      <symbol id="sm-599">
         <name>__aeabi_memclr4</name>
         <value>0x3293</value>
         <object_component_ref idref="oc-2cb"/>
      </symbol>
      <symbol id="sm-59a">
         <name>__aeabi_memclr</name>
         <value>0x3293</value>
         <object_component_ref idref="oc-2cb"/>
      </symbol>
      <symbol id="sm-5b5">
         <name>__aeabi_uldivmod</name>
         <value>0x217d</value>
         <object_component_ref idref="oc-2ab"/>
      </symbol>
      <symbol id="sm-5bd">
         <name>_Dclass</name>
         <value>0x3baf</value>
         <object_component_ref idref="oc-2cf"/>
      </symbol>
      <symbol id="sm-5cd">
         <name>_Dtest</name>
         <value>0x376d</value>
         <object_component_ref idref="oc-2f9"/>
      </symbol>
      <symbol id="sm-612">
         <name>UARTConfigSetExpClk</name>
         <value>0x37b1</value>
         <object_component_ref idref="oc-116"/>
      </symbol>
      <symbol id="sm-613">
         <name>UARTDisable</name>
         <value>0x3a19</value>
         <object_component_ref idref="oc-1de"/>
      </symbol>
      <symbol id="sm-614">
         <name>UARTCharsAvail</name>
         <value>0x3c2d</value>
         <object_component_ref idref="oc-107"/>
      </symbol>
      <symbol id="sm-615">
         <name>UARTCharPut</name>
         <value>0x3c6d</value>
         <object_component_ref idref="oc-e8"/>
      </symbol>
      <symbol id="sm-616">
         <name>UARTEnable</name>
         <value>0x3af5</value>
         <object_component_ref idref="oc-1e3"/>
      </symbol>
      <symbol id="sm-617">
         <name>UARTCharGet</name>
         <value>0x3c63</value>
         <object_component_ref idref="oc-102"/>
      </symbol>
      <symbol id="sm-64c">
         <name>TimerLoadSet</name>
         <value>0x3b8b</value>
         <object_component_ref idref="oc-cc"/>
      </symbol>
      <symbol id="sm-64d">
         <name>TimerEnable</name>
         <value>0x3bed</value>
         <object_component_ref idref="oc-db"/>
      </symbol>
      <symbol id="sm-64e">
         <name>TimerValueGet</name>
         <value>0x3c59</value>
         <object_component_ref idref="oc-b8"/>
      </symbol>
      <symbol id="sm-64f">
         <name>TimerIntEnable</name>
         <value>0x3c77</value>
         <object_component_ref idref="oc-d1"/>
      </symbol>
      <symbol id="sm-650">
         <name>TimerConfigure</name>
         <value>0x34fd</value>
         <object_component_ref idref="oc-c2"/>
      </symbol>
      <symbol id="sm-651">
         <name>TimerIntClear</name>
         <value>0x3c9d</value>
         <object_component_ref idref="oc-5e"/>
      </symbol>
      <symbol id="sm-6a6">
         <name>SysCtlClockSet</name>
         <value>0x2e1d</value>
         <object_component_ref idref="oc-1f4"/>
      </symbol>
      <symbol id="sm-6a7">
         <name>SysCtlDelay</name>
         <value>0x3c91</value>
         <object_component_ref idref="oc-e7"/>
      </symbol>
      <symbol id="sm-6a8">
         <name>SysCtlPeripheralEnable</name>
         <value>0x38a5</value>
         <object_component_ref idref="oc-63"/>
      </symbol>
      <symbol id="sm-6a9">
         <name>SysCtlClockGet</name>
         <value>0x301d</value>
         <object_component_ref idref="oc-c7"/>
      </symbol>
      <symbol id="sm-6aa">
         <name>SysCtlPWMClockSet</name>
         <value>0x3ae1</value>
         <object_component_ref idref="oc-1a7"/>
      </symbol>
      <symbol id="sm-6d2">
         <name>PWMGenPeriodSet</name>
         <value>0x3bc1</value>
         <object_component_ref idref="oc-1b6"/>
      </symbol>
      <symbol id="sm-6d3">
         <name>PWMPulseWidthSet</name>
         <value>0x39fb</value>
         <object_component_ref idref="oc-1bb"/>
      </symbol>
      <symbol id="sm-6d4">
         <name>PWMOutputState</name>
         <value>0x3b79</value>
         <object_component_ref idref="oc-1c0"/>
      </symbol>
      <symbol id="sm-6d5">
         <name>PWMGenEnable</name>
         <value>0x3c21</value>
         <object_component_ref idref="oc-1c5"/>
      </symbol>
      <symbol id="sm-6d6">
         <name>PWMGenConfigure</name>
         <value>0x39bb</value>
         <object_component_ref idref="oc-1b1"/>
      </symbol>
      <symbol id="sm-724">
         <name>IntEnable</name>
         <value>0x33dd</value>
         <object_component_ref idref="oc-a4"/>
      </symbol>
      <symbol id="sm-725">
         <name>IntDisable</name>
         <value>0x337d</value>
         <object_component_ref idref="oc-256"/>
      </symbol>
      <symbol id="sm-726">
         <name>IntRegister</name>
         <value>0x3871</value>
         <object_component_ref idref="oc-19f"/>
      </symbol>
      <symbol id="sm-727">
         <name>g_pfnRAMVectors</name>
         <value>0x20000000</value>
         <object_component_ref idref="oc-223"/>
      </symbol>
      <symbol id="sm-728">
         <name>IntMasterEnable</name>
         <value>0x3c4f</value>
         <object_component_ref idref="oc-d6"/>
      </symbol>
      <symbol id="sm-7c8">
         <name>GPIOPinTypePWM</name>
         <value>0x3b55</value>
         <object_component_ref idref="oc-1ac"/>
      </symbol>
      <symbol id="sm-7c9">
         <name>GPIOIntRegister</name>
         <value>0x3a51</value>
         <object_component_ref idref="oc-e2"/>
      </symbol>
      <symbol id="sm-7ca">
         <name>GPIOPinConfigure</name>
         <value>0x3651</value>
         <object_component_ref idref="oc-10c"/>
      </symbol>
      <symbol id="sm-7cb">
         <name>GPIOIntDisable</name>
         <value>0x3bdf</value>
         <object_component_ref idref="oc-ae"/>
      </symbol>
      <symbol id="sm-7cc">
         <name>GPIOIntEnable</name>
         <value>0x3c15</value>
         <object_component_ref idref="oc-bd"/>
      </symbol>
      <symbol id="sm-7cd">
         <name>GPIOIntTypeSet</name>
         <value>0x3559</value>
         <object_component_ref idref="oc-b3"/>
      </symbol>
      <symbol id="sm-7ce">
         <name>GPIOPinTypeADC</name>
         <value>0x3b31</value>
         <object_component_ref idref="oc-7c"/>
      </symbol>
      <symbol id="sm-7cf">
         <name>GPIOPinTypeGPIOInput</name>
         <value>0x3b43</value>
         <object_component_ref idref="oc-72"/>
      </symbol>
      <symbol id="sm-7d0">
         <name>GPIOIntClear</name>
         <value>0x3c7f</value>
         <object_component_ref idref="oc-a9"/>
      </symbol>
      <symbol id="sm-7d1">
         <name>GPIOPinTypeUART</name>
         <value>0x3b67</value>
         <object_component_ref idref="oc-111"/>
      </symbol>
      <symbol id="sm-7d2">
         <name>GPIOPinTypeGPIOOutput</name>
         <value>0x3a69</value>
         <object_component_ref idref="oc-68"/>
      </symbol>
      <symbol id="sm-7d3">
         <name>GPIOPinRead</name>
         <value>0x3c85</value>
         <object_component_ref idref="oc-77"/>
      </symbol>
      <symbol id="sm-7d4">
         <name>GPIODirModeSet</name>
         <value>0x3991</value>
         <object_component_ref idref="oc-16a"/>
      </symbol>
      <symbol id="sm-7d5">
         <name>GPIOPinWrite</name>
         <value>0x3c8b</value>
         <object_component_ref idref="oc-6d"/>
      </symbol>
      <symbol id="sm-7d6">
         <name>GPIOPadConfigSet</name>
         <value>0x2ceb</value>
         <object_component_ref idref="oc-f6"/>
      </symbol>
      <symbol id="sm-7df">
         <name>CPUcpsie</name>
         <value>0x3c09</value>
         <object_component_ref idref="oc-191"/>
      </symbol>
      <symbol id="sm-822">
         <name>ADCProcessorTrigger</name>
         <value>0x3ac9</value>
         <object_component_ref idref="oc-95"/>
      </symbol>
      <symbol id="sm-823">
         <name>ADCSequenceEnable</name>
         <value>0x3bd1</value>
         <object_component_ref idref="oc-8b"/>
      </symbol>
      <symbol id="sm-824">
         <name>ADCSequenceConfigure</name>
         <value>0x3965</value>
         <object_component_ref idref="oc-81"/>
      </symbol>
      <symbol id="sm-825">
         <name>ADCSequenceStepConfigure</name>
         <value>0x330b</value>
         <object_component_ref idref="oc-86"/>
      </symbol>
      <symbol id="sm-826">
         <name>ADCIntClear</name>
         <value>0x3c45</value>
         <object_component_ref idref="oc-90"/>
      </symbol>
      <symbol id="sm-827">
         <name>ADCIntStatus</name>
         <value>0x3909</value>
         <object_component_ref idref="oc-9a"/>
      </symbol>
      <symbol id="sm-828">
         <name>ADCSequenceDataGet</name>
         <value>0x39dd</value>
         <object_component_ref idref="oc-9f"/>
      </symbol>
      <symbol id="sm-829">
         <name>__TI_static_base__</name>
         <value>0x0</value>
      </symbol>
      <symbol id="sm-82a">
         <name>__TI_args_main</name>
         <value>0x1</value>
      </symbol>
      <symbol id="sm-82b">
         <name>SHT$$INIT_ARRAY$$Limit</name>
         <value>0x0</value>
      </symbol>
      <symbol id="sm-82c">
         <name>SHT$$INIT_ARRAY$$Base</name>
         <value>0x0</value>
      </symbol>
   </symbol_table>
</link_info>
